Vivado Simulator 2018.2
Copyright 1986-1999, 2001-2018 Xilinx, Inc. All Rights Reserved.
Running: C:/Xilinx/Vivado/2018.2/bin/unwrapped/win64.o/xelab.exe -debug typical work.riscv_top_tb -s riscv_sim 
Multi-threading is on. Using 10 slave threads.
Starting static elaboration
Completed static elaboration
Starting simulation data flow analysis
Completed simulation data flow analysis
Time Resolution for simulation is 1ps
Compiling module work.riscv_hazard_unit
Compiling module work.riscv_instruction_mem
Compiling module work.riscv_fetch_stage
Compiling module work.riscv_register_file
Compiling module work.riscv_control_unit
Compiling module work.riscv_extend
Compiling module work.riscv_decode_stage
Compiling module work.riscv_mux_3_1
Compiling module work.riscv_alu
Compiling module work.riscv_pc_target
Compiling module work.riscv_execute_stage
Compiling module work.riscv_data_mem
Compiling module work.riscv_memory_stage
Compiling module work.riscv_csr_unit
Compiling module work.riscv_mux_4_1
Compiling module work.riscv_pc_src_controller
Compiling module work.riscv_top_pipeline
Compiling module work.riscv_top_tb
Built simulation snapshot riscv_sim
