#-----------------------------------------------------------
# xsim v2018.2 (64-bit)
# SW Build 2258646 on Thu Jun 14 20:03:12 MDT 2018
# IP Build 2256618 on Thu Jun 14 22:10:49 MDT 2018
# Start of session at: Fri Jul  3 20:08:46 2026
# Process ID: 19852
# Current directory: C:/Users/ABDOU/Desktop/GP_folder/RISC-V/repos/RISCV-MicroKernel-Architecture
# Command line: xsim.exe -mode tcl -source {xsim.dir/riscv_sim/xsim_script.tcl}
# Log file: C:/Users/ABDOU/Desktop/GP_folder/RISC-V/repos/RISCV-MicroKernel-Architecture/xsim.log
# Journal file: C:/Users/ABDOU/Desktop/GP_folder/RISC-V/repos/RISCV-MicroKernel-Architecture\xsim.jou
#-----------------------------------------------------------
source xsim.dir/riscv_sim/xsim_script.tcl
# xsim {riscv_sim} -autoloadwcfg -runall
Vivado Simulator 2018.2
Time resolution is 1 ps
run -all
WARNING: 0ns : none of the conditions were true for unique case from File:C:/Users/ABDOU/Desktop/GP_folder/RISC-V/repos/RISCV-MicroKernel-Architecture/rtl/RV32I/riscv_mux_4_1.sv:10
[2J[H[HRISC-V Snake OS
WASD move, Q reset
T=01 L=04
######################
#                    #
#                    #
#                    #
#                    #
#              *     #
#        ooo@        #
#                    #
#                    #
#                    #
#                    #
######################
[HRISC-V Snake OS
WASD move, Q reset
T=02 L=04
######################
#                    #
#                    #
#                    #
#                    #
#              *     #
#         ooo@       #
#                    #
#                    #
#                    #
#                    #
######################
[HRISC-V Snake OS
WASD move, Q reset
T=03 L=04
######################
#                    #
#                    #
#                    #
#                    #
#              *     #
#          ooo@      #
#                    #
#                    #
#                    #
#                    #
######################
[HRISC-V Snake OS
WASD move, Q reset
T=04 L=04
######################
#                    #
#                    #
#                    #
#                    #
#              *     #
#           ooo@     #
#                    #
#                    #
#                    #
#                    #
######################
[HRISC-V Snake OS
WASD move, Q reset
T=05 L=04
######################
#                    #
#                    #
#                    #
#                    #
#              *     #
#            ooo@    #
#                    #
#                    #
#                    #
#                    #
######################
[HRISC-V Snake OS
WASD move, Q reset
T=06 L=04
######################
#                    #
#                    #
#                    #
#                    #
#              *     #
#             ooo@   #
#                    #
#                    #
#                    #
#                    #
######################
[HRISC-V Snake OS
WASD move, Q reset
T=07 L=04
######################
#                    #
#                    #
#                    #
#                    #
#              *     #
#              ooo@  #
#                    #
#                    #
#                    #
#                    #
######################
[HRISC-V Snake OS
WASD move, Q reset
T=08 L=04
######################
#                    #
#                    #
#                    #
#                    #
#              *     #
#               ooo@ #
#                    #
#                    #
#                    #
#                    #
######################
[HRISC-V Snake OS
WASD move, Q reset
T=09 L=04
######################
#                    #
#                    #
#                    #
#                    #
#              *     #
#                ooo@#
#                    #
#                    #
#                    #
#                    #
######################
[HRISC-V Snake OS
WASD move, Q reset
T=0A L=04
######################
#                    #
#                    #
#                    #
#                    #
#              *     #
#                ooo@#
#                    #
#                    #
#                    #
#                    #
######################
GAME OVER - Q reset
[HRISC-V Snake OS
WASD move, Q reset
T=0B L=04
######################
#                    #
#                    #
#                    #
#                    #
#              *     #
#                ooo@#
#                    #
#                    #
#                    #
#                    #
######################
GAME OVER - Q reset
[HRISC-V Snake OS
WASD move, Q reset
T=0C L=04
######################
#                    #
#                    #
#                    #
#                    #
#              *     #
#                ooo@#
#                    #
#                    #
#                    #
#                    #
######################
GAME OVER - Q reset
[HRISC-V Snake OS
WASD move, Q reset
T=0D L=04
######################
#                    #
#                    #
#                    #
#                    #
#              *     #
#                ooo@#
#                    #
#                    #
#                    #
#                    #
######################
GAME OVER - Q reset
[HRISC-V Snake OS
WASD move, Q reset
T=0E L=04
######################
#                    #
#                    #
#                    #
#                    #
#              *     #
#                ooo@#
#                    #
#                    #
#                    #
#                    #
######################
GAME OVER - Q reset
[HRISC-V Snake OS
WASD move, Q reset
T=0F L=04
######################
#                    #
#                    #
#                    #
#                    #
#              *     #
#                ooo@#
#                    #
#                    #
#                    #
#                    #
######################
GAME OVER - Q reset
[HRISC-V Snake OS
WASD move, Q reset
T=10 L=04
######################
#                    #
#                    #
#                    #
#                    #
#              *     #
#                ooo@#
#                    #
#                    #
#                    #
#                    #
######################
GAME OVER - Q reset
[HRISC-V Snake OS
WASD move, Q reset
T=11 L=04
######################
#                    #
#                    #
#                    #
#                    #
#              *     #
#                ooo@#
#                    #
#                    #
#                    #
#                    #
######################
GAME OVER - Q reset
[HRISC-V Snake OS
WASD move, Q reset
T=12 L=04
######################
#                    #
#                    #
#                    #
#                    #
#              *     #
#                ooo@#
#                    #
#                    #
#                    #
#                    #
######################
GAME OVER - Q reset
[HRISC-V Snake OS
WASD move, Q reset
T=13 L=04
######################
#                    #
#                    #
#                    #
#                    #
#              *     #
#                ooo@#
#                    #
#                    #
#                    #
#                    #
######################
GAME OVER - Q reset
[HRISC-V Snake OS
WASD move, Q reset
T=14 L=04
######################
#                    #
#                    #
#                    #
#                    #
#              *     #
#                ooo@#
#                    #
#                    #
#                    #
#                    #
######################
GAME OVER - Q reset
[HRISC-V Snake OS
WASD move, Q reset
T=15 L=04
######################
#                    #
#                    #
#                    #
#                    #
#              *     #
#                ooo@#
#                    #
#                    #
#                    #
#                    #
######################
GAME OVER - Q reset
[HRISC-V Snake OS
WASD move, Q reset
T=16 L=04
######################
#                    #
#                    #
#                    #
#                    #
#              *     #
#                ooo@#
#                    #
#                    #
#                    #
#                    #
######################
GAME OVER - Q reset
[HRISC-V Snake OS
WASD move, Q reset
T=17 L=04
######################
#                    #
#                    #
#                    #
#                    #
#              *     #
#                ooo@#
#                    #
#                    #
#                    #
#                    #
######################
GAME OVER - Q reset
[HRISC-V Snake OS
WASD move, Q reset
T=18 L=04
######################
#                    #
#                    #
#                    #
#                    #
#              *     #
#                ooo@#
#                    #
#                    #
#                    #
#                    #
######################
GAME OVER - Q reset
[HRISC-V Snake OS
WASD move, Q reset
T=19 L=04
######################
#                    #
#                    #
#                    #
#                    #
#              *     #
#                ooo@#
#                    #
#                    #
#                    #
#                    #
######################
GAME OVER - Q reset
[HRISC-V Snake OS
WASD move, Q reset
T=01 L=04
######################
#                    #
#                    #
#                    #
#                    #
#              *     #
#        ooo@        #
#                    #
#                    #
#                    #
#                    #
######################
[HRISC-V Snake OS
WASD move, Q reset
T=02 L=04
######################
#                    #
#                    #
#                    #
#                    #
#              *     #
#         ooo@       #
#                    #
#                    #
#                    #
#                    #
######################
[HRISC-V Snake OS
WASD move, Q reset
T=03 L=04
######################
#                    #
#                    #
#                    #
#                    #
#              *     #
#          ooo@      #
#                    #
#                    #
#                    #
#                    #
######################
[HRISC-V Snake OS
WASD move, Q reset
T=04 L=04
######################
#                    #
#                    #
#                    #
#                    #
#              *     #
#           ooo@     #
#                    #
#                    #
#                    #
#                    #
######################
[HRISC-V Snake OS
WASD move, Q reset
T=05 L=04
######################
#                    #
#                    #
#                    #
#                    #
#              *     #
#            ooo@    #
#                    #
#                    #
#                    #
#                    #
######################
[HRISC-V Snake OS
WASD move, Q reset
T=01 L=04
######################
#                    #
#                    #
#                    #
#                    #
#              *     #
#        ooo@        #
#                    #
#                    #
#                    #
#                    #
######################
[HRISC-V Snake OS
WASD move, Q reset
T=02 L=04
######################
#                    #
#                    #
#                    #
#                    #
#              *     #
#         ooo@       #
#                    #
#                    #
#                    #
#                    #
######################
[HRISC-V Snake OS
WASD move, Q reset
T=03 L=04
######################
#                    #
#                    #
#                    #
#                    #
#              *     #
#          ooo@      #
#                    #
#                    #
#                    #
#                    #
######################
[HRISC-V Snake OS
WASD move, Q reset
T=04 L=04
######################
#                    #
#                    #
#                    #
#                    #
#              *     #
#           ooo@     #
#                    #
#                    #
#                    #
#                    #
######################
[HRISC-V Snake OS
WASD move, Q reset
T=05 L=04
######################
#                    #
#                    #
#                    #
#                    #
#              *     #
#            ooo@    #
#                    #
#                    #
#                    #
#                    #
######################
[HRISC-V Snake OS
WASD move, Q reset
T=06 L=04
######################
#                    #
#                    #
#                    #
#                    #
#              *     #
#             ooo@   #
#                    #
#                    #
#                    #
#                    #
######################
[HRISC-V Snake OS
WASD move, Q reset
T=07 L=04
######################
#                    #
#                    #
#                    #
#                    #
#              *     #
#              ooo@  #
#                    #
#                    #
#                    #
#                    #
######################
[HRISC-V Snake OS
WASD move, Q reset
T=08 L=04
######################
#                    #
#                    #
#                    #
#                    #
#              *     #
#               ooo@ #
#                    #
#                    #
#                    #
#                    #
######################
[HRISC-V Snake OS
WASD move, Q reset
T=09 L=04
######################
#                    #
#                    #
#                    #
#                    #
#              *   @ #
#                ooo #
#                    #
#                    #
#                    #
#                    #
######################
[HRISC-V Snake OS
WASD move, Q reset
T=0A L=04
######################
#                    #
#                    #
#                    #
#                  @ #
#              *   o #
#                 oo #
#                    #
#                    #
#                    #
#                    #
######################
[HRISC-V Snake OS
WASD move, Q reset
T=0B L=04
######################
#                    #
#                    #
#                  @ #
#                  o #
#              *   o #
#                  o #
#                    #
#                    #
#                    #
#                    #
######################
[HRISC-V Snake OS
WASD move, Q reset
T=0C L=04
######################
#                    #
#                    #
#                 @o #
#                  o #
#              *   o #
#                    #
#                    #
#                    #
#                    #
#                    #
######################
[HRISC-V Snake OS
WASD move, Q reset
T=0D L=04
######################
#                    #
#                    #
#                @oo #
#                  o #
#              *     #
#                    #
#                    #
#                    #
#                    #
#                    #
######################
[HRISC-V Snake OS
WASD move, Q reset
T=0E L=04
######################
#                    #
#                    #
#               @ooo #
#                    #
#              *     #
#                    #
#                    #
#                    #
#                    #
#                    #
######################
[HRISC-V Snake OS
WASD move, Q reset
T=0F L=04
######################
#                    #
#                    #
#              @ooo  #
#                    #
#              *     #
#                    #
#                    #
#                    #
#                    #
#                    #
######################
[HRISC-V Snake OS
WASD move, Q reset
T=10 L=04
######################
#                    #
#                    #
#              ooo   #
#              @     #
#              *     #
#                    #
#                    #
#                    #
#                    #
#                    #
######################
[HRISC-V Snake OS
WASD move, Q reset
T=11 L=05
######################
#                    #
#                    #
#              ooo   #
#              o     #
#              @     #
#                    #
#                    #
# *                  #
#                    #
#                    #
######################
[HRISC-V Snake OS
WASD move, Q reset
T=12 L=05
######################
#                    #
#                    #
#              oo    #
#              o     #
#              o     #
#              @     #
#                    #
# *                  #
#                    #
#                    #
######################
[HRISC-V Snake OS
WASD move, Q reset
T=13 L=05
######################
#                    #
#                    #
#              o     #
#              o     #
#              o     #
#             @o     #
#                    #
# *                  #
#                    #
#                    #
######################
[HRISC-V Snake OS
WASD move, Q reset
T=14 L=05
######################
#                    #
#                    #
#                    #
#              o     #
#              o     #
#            @oo     #
#                    #
# *                  #
#                    #
#                    #
######################
[HRISC-V Snake OS
WASD move, Q reset
T=15 L=05
######################
#                    #
#                    #
#                    #
#                    #
#              o     #
#           @ooo     #
#                    #
# *                  #
#                    #
#                    #
######################
[HRISC-V Snake OS
WASD move, Q reset
T=16 L=05
######################
#                    #
#                    #
#                    #
#                    #
#                    #
#          @oooo     #
#                    #
# *                  #
#                    #
#                    #
######################
[HRISC-V Snake OS
WASD move, Q reset
T=17 L=05
######################
#                    #
#                    #
#                    #
#                    #
#                    #
#         @oooo      #
#                    #
# *                  #
#                    #
#                    #
######################
[HRISC-V Snake OS
WASD move, Q reset
T=18 L=05
######################
#                    #
#                    #
#                    #
#                    #
#                    #
#        @oooo       #
#                    #
# *                  #
#                    #
#                    #
######################
[HRISC-V Snake OS
WASD move, Q reset
T=19 L=05
######################
#                    #
#                    #
#                    #
#                    #
#                    #
#       @oooo        #
#                    #
# *                  #
#                    #
#                    #
######################
[HRISC-V Snake OS
WASD move, Q reset
T=1A L=05
######################
#                    #
#                    #
#                    #
#                    #
#                    #
#      @oooo         #
#                    #
# *                  #
#                    #
#                    #
######################
[HRISC-V Snake OS
WASD move, Q reset
T=1B L=05
######################
#                    #
#                    #
#                    #
#                    #
#                    #
#     @oooo          #
#                    #
# *                  #
#                    #
#                    #
######################
[HRISC-V Snake OS
WASD move, Q reset
T=1C L=05
######################
#                    #
#                    #
#                    #
#                    #
#                    #
#    @oooo           #
#                    #
# *                  #
#                    #
#                    #
######################
[HRISC-V Snake OS
WASD move, Q reset
T=1D L=05
######################
#                    #
#                    #
#                    #
#                    #
#                    #
#   @oooo            #
#                    #
# *                  #
#                    #
#                    #
######################
[HRISC-V Snake OS
WASD move, Q reset
T=1E L=05
######################
#                    #
#                    #
#                    #
#                    #
#                    #
#  @oooo             #
#                    #
# *                  #
#                    #
#                    #
######################
[HRISC-V Snake OS
WASD move, Q reset
T=1F L=05
######################
#                    #
#                    #
#                    #
#                    #
#                    #
#  oooo              #
#  @                 #
# *                  #
#                    #
#                    #
######################
[HRISC-V Snake OS
WASD move, Q reset
T=20 L=05
######################
#                    #
#                    #
#                    #
#                    #
#                    #
#  ooo               #
#  o                 #
# *@                 #
#                    #
#                    #
######################
[HRISC-V Snake OS
WASD move, Q reset
T=21 L=05
######################
#                    #
#                    #
#                    #
#                    #
#                    #
#  oo                #
#  o                 #
# *o                 #
#  @                 #
#                    #
######################
[HRISC-V Snake OS
WASD move, Q reset
T=22 L=05
######################
#                    #
#                    #
#                    #
#                    #
#                    #
#  o                 #
#  o                 #
# *o                 #
#  o@                #
#                    #
######################
[HRISC-V Snake OS
WASD move, Q reset
T=23 L=05
######################
#                    #
#                    #
#                    #
#                    #
#                    #
#                    #
#  o                 #
# *o                 #
#  oo@               #
#                    #
######################
[HRISC-V Snake OS
WASD move, Q reset
T=24 L=05
######################
#                    #
#                    #
#                    #
#                    #
#                    #
#                    #
#                    #
# *o                 #
#  ooo@              #
#                    #
######################
[HRISC-V Snake OS
WASD move, Q reset
T=25 L=05
######################
#                    #
#                    #
#                    #
#                    #
#                    #
#                    #
#                    #
# *   @              #
#  oooo              #
#                    #
######################
[HRISC-V Snake OS
WASD move, Q reset
T=26 L=05
######################
#                    #
#                    #
#                    #
#                    #
#                    #
#                    #
#                    #
# *  @o              #
#   ooo              #
#                    #
######################
[HRISC-V Snake OS
WASD move, Q reset
T=27 L=05
######################
#                    #
#                    #
#                    #
#                    #
#                    #
#                    #
#                    #
# * @oo              #
#    oo              #
#                    #
######################
[HRISC-V Snake OS
WASD move, Q reset
T=28 L=05
######################
#                    #
#                    #
#                    #
#                    #
#                    #
#                    #
#                    #
# *@ooo              #
#     o              #
#                    #
######################
[HRISC-V Snake OS
WASD move, Q reset
T=29 L=06
######################
#        *           #
#                    #
#                    #
#                    #
#                    #
#                    #
#                    #
# @oooo              #
#     o              #
#                    #
######################
[HRISC-V Snake OS
WASD move, Q reset
T=2A L=06
######################
#        *           #
#                    #
#                    #
#                    #
#                    #
#                    #
# @                  #
# ooooo              #
#                    #
#                    #
######################
[HRISC-V Snake OS
WASD move, Q reset
T=2B L=06
######################
#        *           #
#                    #
#                    #
#                    #
#                    #
# @                  #
# o                  #
# oooo               #
#                    #
#                    #
######################
[HRISC-V Snake OS
WASD move, Q reset
T=2C L=06
######################
#        *           #
#                    #
#                    #
#                    #
# @                  #
# o                  #
# o                  #
# ooo                #
#                    #
#                    #
######################
[HRISC-V Snake OS
WASD move, Q reset
T=2D L=06
######################
#        *           #
#                    #
#                    #
# @                  #
# o                  #
# o                  #
# o                  #
# oo                 #
#                    #
#                    #
######################
[HRISC-V Snake OS
WASD move, Q reset
T=2E L=06
######################
#        *           #
#                    #
# @                  #
# o                  #
# o                  #
# o                  #
# o                  #
# o                  #
#                    #
#                    #
######################
[HRISC-V Snake OS
WASD move, Q reset
T=2F L=06
######################
#        *           #
# @                  #
# o                  #
# o                  #
# o                  #
# o                  #
# o                  #
#                    #
#                    #
#                    #
######################
[HRISC-V Snake OS
WASD move, Q reset
T=30 L=06
######################
# @      *           #
# o                  #
# o                  #
# o                  #
# o                  #
# o                  #
#                    #
#                    #
#                    #
#                    #
######################
[HRISC-V Snake OS
WASD move, Q reset
T=31 L=06
######################
# o@     *           #
# o                  #
# o                  #
# o                  #
# o                  #
#                    #
#                    #
#                    #
#                    #
#                    #
######################
[HRISC-V Snake OS
WASD move, Q reset
T=32 L=06
######################
# oo@    *           #
# o                  #
# o                  #
# o                  #
#                    #
#                    #
#                    #
#                    #
#                    #
#                    #
######################
[HRISC-V Snake OS
WASD move, Q reset
T=33 L=06
######################
# ooo@   *           #
# o                  #
# o                  #
#                    #
#                    #
#                    #
#                    #
#                    #
#                    #
#                    #
######################
[HRISC-V Snake OS
WASD move, Q reset
T=34 L=06
######################
# oooo@  *           #
# o                  #
#                    #
#                    #
#                    #
#                    #
#                    #
#                    #
#                    #
#                    #
######################
[HRISC-V Snake OS
WASD move, Q reset
T=35 L=06
######################
# ooooo@ *           #
#                    #
#                    #
#                    #
#                    #
#                    #
#                    #
#                    #
#                    #
#                    #
######################
[HRISC-V Snake OS
WASD move, Q reset
T=36 L=06
######################
#  ooooo@*           #
#                    #
#                    #
#                    #
#                    #
#                    #
#                    #
#                    #
#                    #
#                    #
######################
[HRISC-V Snake OS
WASD move, Q reset
T=37 L=06
######################
#   ooooo*           #
#       @            #
#                    #
#                    #
#                    #
#                    #
#                    #
#                    #
#                    #
#                    #
######################
[HRISC-V Snake OS
WASD move, Q reset
T=38 L=06
######################
#    oooo*           #
#       o            #
#       @            #
#                    #
#                    #
#                    #
#                    #
#                    #
#                    #
#                    #
######################
[HRISC-V Snake OS
WASD move, Q reset
T=39 L=06
######################
#     ooo*           #
#       o            #
#       o@           #
#                    #
#                    #
#                    #
#                    #
#                    #
#                    #
#                    #
######################
[HRISC-V Snake OS
WASD move, Q reset
T=3A L=06
######################
#      oo*           #
#       o@           #
#       oo           #
#                    #
#                    #
#                    #
#                    #
#                    #
#                    #
#                    #
######################
[HRISC-V Snake OS
WASD move, Q reset
T=3B L=07
######################
#      oo@           #
#       oo           #
#       oo           #
#               *    #
#                    #
#                    #
#                    #
#                    #
#                    #
#                    #
######################
[HRISC-V Snake OS
WASD move, Q reset
T=3C L=07
######################
#       oo@          #
#       oo           #
#       oo           #
#               *    #
#                    #
#                    #
#                    #
#                    #
#                    #
#                    #
######################
[HRISC-V Snake OS
WASD move, Q reset
T=3D L=07
######################
#        oo@         #
#       oo           #
#       oo           #
#               *    #
#                    #
#                    #
#                    #
#                    #
#                    #
#                    #
######################
[HRISC-V Snake OS
WASD move, Q reset
T=3E L=07
######################
#        ooo@        #
#        o           #
#       oo           #
#               *    #
#                    #
#                    #
#                    #
#                    #
#                    #
#                    #
######################
[HRISC-V Snake OS
WASD move, Q reset
T=3F L=07
######################
#        oooo@       #
#        o           #
#        o           #
#               *    #
#                    #
#                    #
#                    #
#                    #
#                    #
#                    #
######################
[HRISC-V Snake OS
WASD move, Q reset
T=40 L=07
######################
#        ooooo@      #
#        o           #
#                    #
#               *    #
#                    #
#                    #
#                    #
#                    #
#                    #
#                    #
######################
[HRISC-V Snake OS
WASD move, Q reset
T=41 L=07
######################
#        oooooo@     #
#                    #
#                    #
#               *    #
#                    #
#                    #
#                    #
#                    #
#                    #
#                    #
######################
[HRISC-V Snake OS
WASD move, Q reset
T=42 L=07
######################
#         oooooo@    #
#                    #
#                    #
#               *    #
#                    #
#                    #
#                    #
#                    #
#                    #
#                    #
######################
[HRISC-V Snake OS
WASD move, Q reset
T=43 L=07
######################
#          oooooo    #
#               @    #
#                    #
#               *    #
#                    #
#                    #
#                    #
#                    #
#                    #
#                    #
######################
[HRISC-V Snake OS
WASD move, Q reset
T=44 L=07
######################
#           ooooo    #
#               o    #
#               @    #
#               *    #
#                    #
#                    #
#                    #
#                    #
#                    #
#                    #
######################
[HRISC-V Snake OS
WASD move, Q reset
T=45 L=08
######################
#           ooooo    #
#               o    #
#               o    #
#               @    #
#                    #
#                    #
#  *                 #
#                    #
#                    #
#                    #
######################
[HRISC-V Snake OS
WASD move, Q reset
T=46 L=08
######################
#            oooo    #
#               o    #
#               o    #
#               o    #
#               @    #
#                    #
#  *                 #
#                    #
#                    #
#                    #
######################
[HRISC-V Snake OS
WASD move, Q reset
T=47 L=08
######################
#             ooo    #
#               o    #
#               o    #
#               o    #
#              @o    #
#                    #
#  *                 #
#                    #
#                    #
#                    #
######################
[HRISC-V Snake OS
WASD move, Q reset
T=48 L=08
######################
#              oo    #
#               o    #
#               o    #
#               o    #
#             @oo    #
#                    #
#  *                 #
#                    #
#                    #
#                    #
######################
[HRISC-V Snake OS
WASD move, Q reset
T=49 L=08
######################
#               o    #
#               o    #
#               o    #
#               o    #
#            @ooo    #
#                    #
#  *                 #
#                    #
#                    #
#                    #
######################
[HRISC-V Snake OS
WASD move, Q reset
T=4A L=08
######################
#                    #
#               o    #
#               o    #
#               o    #
#           @oooo    #
#                    #
#  *                 #
#                    #
#                    #
#                    #
######################
[HRISC-V Snake OS
WASD move, Q reset
T=4B L=08
######################
#                    #
#                    #
#               o    #
#               o    #
#          @ooooo    #
#                    #
#  *                 #
#                    #
#                    #
#                    #
######################
[HRISC-V Snake OS
WASD move, Q reset
T=4C L=08
######################
#                    #
#                    #
#                    #
#               o    #
#         @oooooo    #
#                    #
#  *                 #
#                    #
#                    #
#                    #
######################
[HRISC-V Snake OS
WASD move, Q reset
T=4D L=08
######################
#                    #
#                    #
#                    #
#                    #
#        @ooooooo    #
#                    #
#  *                 #
#                    #
#                    #
#                    #
######################
[HRISC-V Snake OS
WASD move, Q reset
T=4E L=08
######################
#                    #
#                    #
#                    #
#                    #
#       @ooooooo     #
#                    #
#  *                 #
#                    #
#                    #
#                    #
######################
[HRISC-V Snake OS
WASD move, Q reset
T=4F L=08
######################
#                    #
#                    #
#                    #
#                    #
#      @ooooooo      #
#                    #
#  *                 #
#                    #
#                    #
#                    #
######################
[HRISC-V Snake OS
WASD move, Q reset
T=50 L=08
######################
#                    #
#                    #
#                    #
#                    #
#     @ooooooo       #
#                    #
#  *                 #
#                    #
#                    #
#                    #
######################
[HRISC-V Snake OS
WASD move, Q reset
T=51 L=08
######################
#                    #
#                    #
#                    #
#                    #
#    @ooooooo        #
#                    #
#  *                 #
#                    #
#                    #
#                    #
######################
[HRISC-V Snake OS
WASD move, Q reset
T=52 L=08
######################
#                    #
#                    #
#                    #
#                    #
#   @ooooooo         #
#                    #
#  *                 #
#                    #
#                    #
#                    #
######################
[HRISC-V Snake OS
WASD move, Q reset
T=53 L=08
######################
#                    #
#                    #
#                    #
#                    #
#  @ooooooo          #
#                    #
#  *                 #
#                    #
#                    #
#                    #
######################
[HRISC-V Snake OS
WASD move, Q reset
T=54 L=08
######################
#                    #
#                    #
#                    #
#                    #
# @ooooooo           #
#                    #
#  *                 #
#                    #
#                    #
#                    #
######################
[HRISC-V Snake OS
WASD move, Q reset
T=55 L=08
######################
#                    #
#                    #
#                    #
#                    #
# ooooooo            #
# @                  #
#  *                 #
#                    #
#                    #
#                    #
######################
[HRISC-V Snake OS
WASD move, Q reset
T=56 L=08
######################
#                    #
#                    #
#                    #
#                    #
# oooooo             #
# o                  #
# @*                 #
#                    #
#                    #
#                    #
######################
[HRISC-V Snake OS
WASD move, Q reset
T=57 L=09
######################
#                    #
#                    #
#                    #
#                    #
# oooooo             #
# o                  #
# o@                 #
#                    #
#                    #
#         *          #
######################
[HRISC-V Snake OS
WASD move, Q reset
T=58 L=09
######################
#                    #
#                    #
#                    #
#                    #
# ooooo              #
# o                  #
# oo@                #
#                    #
#                    #
#         *          #
######################
[HRISC-V Snake OS
WASD move, Q reset
T=59 L=09
######################
#                    #
#                    #
#                    #
#                    #
# oooo               #
# o                  #
# ooo@               #
#                    #
#                    #
#         *          #
######################
[HRISC-V Snake OS
WASD move, Q reset
T=5A L=09
######################
#                    #
#                    #
#                    #
#                    #
# ooo                #
# o                  #
# oooo               #
#    @               #
#                    #
#         *          #
######################
[HRISC-V Snake OS
WASD move, Q reset
T=5B L=09
######################
#                    #
#                    #
#                    #
#                    #
# oo                 #
# o                  #
# oooo               #
#    o               #
#    @               #
#         *          #
######################
[HRISC-V Snake OS
WASD move, Q reset
T=5C L=09
######################
#                    #
#                    #
#                    #
#                    #
# o                  #
# o                  #
# oooo               #
#    o               #
#    o               #
#    @    *          #
######################
[HRISC-V Snake OS
WASD move, Q reset
T=5D L=09
######################
#                    #
#                    #
#                    #
#                    #
#                    #
# o                  #
# oooo               #
#    o               #
#    o               #
#    o@   *          #
######################
[HRISC-V Snake OS
WASD move, Q reset
T=5E L=09
######################
#                    #
#                    #
#                    #
#                    #
#                    #
#                    #
# oooo               #
#    o               #
#    o               #
#    oo@  *          #
######################
[HRISC-V Snake OS
WASD move, Q reset
T=5F L=09
######################
#                    #
#                    #
#                    #
#                    #
#                    #
#                    #
#  ooo               #
#    o               #
#    o               #
#    ooo@ *          #
######################
[HRISC-V Snake OS
WASD move, Q reset
T=60 L=09
######################
#                    #
#                    #
#                    #
#                    #
#                    #
#                    #
#   oo               #
#    o               #
#    o               #
#    oooo@*          #
######################
[HRISC-V Snake OS
WASD move, Q reset
T=61 L=0A
######################
#                    #
#                    #
#                *   #
#                    #
#                    #
#                    #
#   oo               #
#    o               #
#    o               #
#    ooooo@          #
######################
[HRISC-V Snake OS
WASD move, Q reset
T=62 L=0A
######################
#                    #
#                    #
#                *   #
#                    #
#                    #
#                    #
#    o               #
#    o               #
#    o               #
#    oooooo@         #
######################
[HRISC-V Snake OS
WASD move, Q reset
T=63 L=0A
######################
#                    #
#                    #
#                *   #
#                    #
#                    #
#                    #
#                    #
#    o               #
#    o               #
#    ooooooo@        #
######################
[HRISC-V Snake OS
WASD move, Q reset
T=64 L=0A
######################
#                    #
#                    #
#                *   #
#                    #
#                    #
#                    #
#                    #
#                    #
#    o               #
#    oooooooo@       #
######################
[HRISC-V Snake OS
WASD move, Q reset
T=65 L=0A
######################
#                    #
#                    #
#                *   #
#                    #
#                    #
#                    #
#                    #
#                    #
#                    #
#    ooooooooo@      #
######################
[HRISC-V Snake OS
WASD move, Q reset
T=66 L=0A
######################
#                    #
#                    #
#                *   #
#                    #
#                    #
#                    #
#                    #
#                    #
#                    #
#     ooooooooo@     #
######################
[HRISC-V Snake OS
WASD move, Q reset
T=67 L=0A
######################
#                    #
#                    #
#                *   #
#                    #
#                    #
#                    #
#                    #
#                    #
#                    #
#      ooooooooo@    #
######################
[HRISC-V Snake OS
WASD move, Q reset
T=68 L=0A
######################
#                    #
#                    #
#                *   #
#                    #
#                    #
#                    #
#                    #
#                    #
#                    #
#       ooooooooo@   #
######################
[HRISC-V Snake OS
WASD move, Q reset
T=69 L=0A
######################
#                    #
#                    #
#                *   #
#                    #
#                    #
#                    #
#                    #
#                    #
#                    #
#        ooooooooo@  #
######################
[HRISC-V Snake OS
WASD move, Q reset
T=6A L=0A
######################
#                    #
#                    #
#                *   #
#                    #
#                    #
#                    #
#                    #
#                    #
#                    #
#         ooooooooo@ #
######################
[HRISC-V Snake OS
WASD move, Q reset
T=6B L=0A
######################
#                    #
#                    #
#                *   #
#                    #
#                    #
#                    #
#                    #
#                    #
#                    #
#          ooooooooo@#
######################
[HRISC-V Snake OS
WASD move, Q reset
T=6C L=0A
######################
#                    #
#                    #
#                *   #
#                    #
#                    #
#                    #
#                    #
#                    #
#                    #
#          ooooooooo@#
######################
GAME OVER - Q reset
[HRISC-V Snake OS
WASD move, Q reset
T=6D L=0A
######################
#                    #
#                    #
#                *   #
#                    #
#                    #
#                    #
#                    #
#                    #
#                    #
#          ooooooooo@#
######################
GAME OVER - Q reset
[HRISC-V Snake OS
WASD move, Q reset
T=6E L=0A
######################
#                    #
#                    #
#                *   #
#                    #
#                    #
#                    #
#                    #
#                    #
#                    #
#          ooooooooo@#
######################
GAME OVER - Q reset
[HRISC-V Snake OS
WASD move, Q reset
T=6F L=0A
######################
#                    #
#                    #
#                *   #
#                    #
#                    #
#                    #
#                    #
#                    #
#                    #
#          ooooooooo@#
######################
GAME OVER - Q reset
[HRISC-V Snake OS
WASD move, Q reset
T=01 L=04
######################
#                    #
#                    #
#                    #
#                    #
#              *     #
#        ooo@        #
#                    #
#                    #
#                    #
#                    #
######################
[HRISC-V Snake OS
WASD move, Q reset
T=02 L=04
######################
#                    #
#                    #
#                    #
#                    #
#              *     #
#         ooo@       #
#                    #
#                    #
#                    #
#                    #
######################
[HRISC-V Snake OS
WASD move, Q reset
T=03 L=04
######################
#                    #
#                    #
#                    #
#                    #
#              *     #
#          ooo@      #
#                    #
#                    #
#                    #
#                    #
######################
[HRISC-V Snake OS
WASD move, Q reset
T=04 L=04
######################
#                    #
#                    #
#                    #
#                    #
#              *     #
#           ooo@     #
#                    #
#                    #
#                    #
#                    #
######################
[HRISC-V Snake OS
WASD move, Q reset
T=05 L=05
######################
#                    #
#                    #
#                    #
#                    #
#              @     #
#           oooo     #
#                    #
# *                  #
#                    #
#                    #
######################
[HRISC-V Snake OS
WASD move, Q reset
T=06 L=05
######################
#                    #
#                    #
#                    #
#              @     #
#              o     #
#            ooo     #
#                    #
# *                  #
#                    #
#                    #
######################
[HRISC-V Snake OS
WASD move, Q reset
T=07 L=05
######################
#                    #
#                    #
#              @     #
#              o     #
#              o     #
#             oo     #
#                    #
# *                  #
#                    #
#                    #
######################
[HRISC-V Snake OS
WASD move, Q reset
T=08 L=05
######################
#                    #
#                    #
#             @o     #
#              o     #
#              o     #
#              o     #
#                    #
# *                  #
#                    #
#                    #
######################
[HRISC-V Snake OS
WASD move, Q reset
T=09 L=05
######################
#                    #
#                    #
#            @oo     #
#              o     #
#              o     #
#                    #
#                    #
# *                  #
#                    #
#                    #
######################
[HRISC-V Snake OS
WASD move, Q reset
T=0A L=05
######################
#                    #
#                    #
#            ooo     #
#            @ o     #
#                    #
#                    #
#                    #
# *                  #
#                    #
#                    #
######################
[HRISC-V Snake OS
WASD move, Q reset
T=0B L=05
######################
#                    #
#                    #
#            ooo     #
#            o       #
#            @       #
#                    #
#                    #
# *                  #
#                    #
#                    #
######################
[HRISC-V Snake OS
WASD move, Q reset
T=0C L=05
######################
#                    #
#                    #
#            oo      #
#            o       #
#            o       #
#            @       #
#                    #
# *                  #
#                    #
#                    #
######################
[HRISC-V Snake OS
WASD move, Q reset
T=0D L=05
######################
#                    #
#                    #
#            o       #
#            o       #
#            o       #
#           @o       #
#                    #
# *                  #
#                    #
#                    #
######################
[HRISC-V Snake OS
WASD move, Q reset
T=0E L=05
######################
#                    #
#                    #
#                    #
#            o       #
#            o       #
#          @oo       #
#                    #
# *                  #
#                    #
#                    #
######################
[HRISC-V Snake OS
WASD move, Q reset
T=0F L=05
######################
#                    #
#                    #
#                    #
#                    #
#            o       #
#         @ooo       #
#                    #
# *                  #
#                    #
#                    #
######################
[HRISC-V Snake OS
WASD move, Q reset
T=10 L=05
######################
#                    #
#                    #
#                    #
#                    #
#                    #
#        @oooo       #
#                    #
# *                  #
#                    #
#                    #
######################
[HRISC-V Snake OS
WASD move, Q reset
T=11 L=05
######################
#                    #
#                    #
#                    #
#                    #
#                    #
#       @oooo        #
#                    #
# *                  #
#                    #
#                    #
######################
[HRISC-V Snake OS
WASD move, Q reset
T=12 L=05
######################
#                    #
#                    #
#                    #
#                    #
#                    #
#      @oooo         #
#                    #
# *                  #
#                    #
#                    #
######################
[HRISC-V Snake OS
WASD move, Q reset
T=13 L=05
######################
#                    #
#                    #
#                    #
#                    #
#                    #
#      oooo          #
#      @             #
# *                  #
#                    #
#                    #
######################
[HRISC-V Snake OS
WASD move, Q reset
T=14 L=05
######################
#                    #
#                    #
#                    #
#                    #
#                    #
#      ooo           #
#      o             #
# *    @             #
#                    #
#                    #
######################
[HRISC-V Snake OS
WASD move, Q reset
T=15 L=05
######################
#                    #
#                    #
#                    #
#                    #
#                    #
#      oo            #
#      o             #
# *    o             #
#      @             #
#                    #
######################
[HRISC-V Snake OS
WASD move, Q reset
T=16 L=05
######################
#                    #
#                    #
#                    #
#                    #
#                    #
#      o             #
#      o             #
# *    o             #
#      o             #
#      @             #
######################
[HRISC-V Snake OS
WASD move, Q reset
T=17 L=05
######################
#                    #
#                    #
#                    #
#                    #
#                    #
#                    #
#      o             #
# *    o             #
#      o             #
#     @o             #
######################
[HRISC-V Snake OS
WASD move, Q reset
T=18 L=05
######################
#                    #
#                    #
#                    #
#                    #
#                    #
#                    #
#                    #
# *    o             #
#      o             #
#    @oo             #
######################
[HRISC-V Snake OS
WASD move, Q reset
T=19 L=05
######################
#                    #
#                    #
#                    #
#                    #
#                    #
#                    #
#                    #
# *                  #
#      o             #
#   @ooo             #
######################
[HRISC-V Snake OS
WASD move, Q reset
T=1A L=05
######################
#                    #
#                    #
#                    #
#                    #
#                    #
#                    #
#                    #
# *                  #
#                    #
#  @oooo             #
######################
[HRISC-V Snake OS
WASD move, Q reset
T=1B L=05
######################
#                    #
#                    #
#                    #
#                    #
#                    #
#                    #
#                    #
# *                  #
#                    #
# @oooo              #
######################
[HRISC-V Snake OS
WASD move, Q reset
T=1C L=05
######################
#                    #
#                    #
#                    #
#                    #
#                    #
#                    #
#                    #
# *                  #
#                    #
#@oooo               #
######################
[HRISC-V Snake OS
WASD move, Q reset
T=1D L=05
######################
#                    #
#                    #
#                    #
#                    #
#                    #
#                    #
#                    #
# *                  #
#                    #
#@oooo               #
######################
GAME OVER - Q reset
[HRISC-V Snake OS
WASD move, Q reset
T=1E L=05
######################
#                    #
#                    #
#                    #
#                    #
#                    #
#                    #
#                    #
# *                  #
#                    #
#@oooo               #
######################
GAME OVER - Q reset
[HRISC-V Snake OS
WASD move, Q reset
T=1F L=05
######################
#                    #
#                    #
#                    #
#                    #
#                    #
#                    #
#                    #
# *                  #
#                    #
#@oooo               #
######################
GAME OVER - Q reset
[HRISC-V Snake OS
WASD move, Q reset
T=20 L=05
######################
#                    #
#                    #
#                    #
#                    #
#                    #
#                    #
#                    #
# *                  #
#                    #
#@oooo               #
######################
GAME OVER - Q reset
[HRISC-V Snake OS
WASD move, Q reset
T=21 L=05
######################
#                    #
#                    #
#                    #
#                    #
#                    #
#                    #
#                    #
# *                  #
#                    #
#@oooo               #
######################
GAME OVER - Q reset
[HRISC-V Snake OS
WASD move, Q reset
T=22 L=05
######################
#                    #
#                    #
#                    #
#                    #
#                    #
#                    #
#                    #
# *                  #
#                    #
#@oooo               #
######################
GAME OVER - Q reset
[HRISC-V Snake OS
WASD move, Q reset
T=01 L=04
######################
#                    #
#                    #
#                    #
#                    #
#              *     #
#        ooo@        #
#                    #
#                    #
#                    #
#                    #
######################
[HRISC-V Snake OS
WASD move, Q reset
T=02 L=04
######################
#                    #
#                    #
#                    #
#                    #
#              *     #
#         ooo@       #
#                    #
#                    #
#                    #
#                    #
######################
[HRISC-V Snake OS
WASD move, Q reset
T=03 L=04
######################
#                    #
#                    #
#                    #
#                    #
#              *     #
#          ooo@      #
#                    #
#                    #
#                    #
#                    #
######################
[HRISC-V Snake OS
WASD move, Q reset
T=04 L=04
######################
#                    #
#                    #
#                    #
#                    #
#              *     #
#           ooo@     #
#                    #
#                    #
#                    #
#                    #
######################
[HRISC-V Snake OS
WASD move, Q reset
T=05 L=04
######################
#                    #
#                    #
#                    #
#                    #
#              *     #
#            ooo@    #
#                    #
#                    #
#                    #
#                    #
######################
[HRISC-V Snake OS
WASD move, Q reset
T=06 L=04
######################
#                    #
#                    #
#                    #
#                    #
#              *     #
#             ooo@   #
#                    #
#                    #
#                    #
#                    #
######################
[HRISC-V Snake OS
WASD move, Q reset
T=07 L=04
######################
#                    #
#                    #
#                    #
#                    #
#              *     #
#              ooo@  #
#                    #
#                    #
#                    #
#                    #
######################
[HRISC-V Snake OS
WASD move, Q reset
T=08 L=04
######################
#                    #
#                    #
#                    #
#                    #
#              *     #
#               ooo@ #
#                    #
#                    #
#                    #
#                    #
######################
[HRISC-V Snake OS
WASD move, Q reset
T=09 L=04
######################
#                    #
#                    #
#                    #
#                    #
#              *     #
#                ooo@#
#                    #
#                    #
#                    #
#                    #
######################
[HRISC-V Snake OS
WASD move, Q reset
T=0A L=04
######################
#                    #
#                    #
#                    #
#                    #
#              *     #
#                ooo@#
#                    #
#                    #
#                    #
#                    #
######################
GAME OVER - Q reset
[HRISC-V Snake OS
WASD move, Q reset
T=0B L=04
######################
#                    #
#                    #
#                    #
#                    #
#              *     #
#                ooo@#
#                    #
#                    #
#                    #
#                    #
######################
GAME OVER - Q reset
[HRISC-V Snake OS
WASD move, Q reset
T=0C L=04
######################
#                    #
#                    #
#                    #
#                    #
#              *     #
#                ooo@#
#                    #
#                    #
#                    #
#                    #
######################
GAME OVER - Q reset
[HRISC-V Snake OS
WASD move, Q reset
T=0D L=04
######################
#                    #
#                    #
#                    #
#                    #
#              *     #
#                ooo@#
#                    #
#                    #
#                    #
#                    #
######################
GAME OVER - Q reset
[HRISC-V Snake OS
WASD move, Q reset
T=0E L=04
######################
#                    #
#                    #
#                    #
#                    #
#              *     #
#                ooo@#
#                    #
#                    #
#                    #
#                    #
######################
GAME OVER - Q reset
[HRISC-V Snake OS
WASD move, Q reset
T=0F L=04
######################
#                    #
#                    #
#                    #
#                    #
#              *     #
#                ooo@#
#                    #
#                    #
#                    #
#                    #
######################
GAME OVER - Q reset
[HRISC-V Snake OS
WASD move, Q reset
T=10 L=04
######################
#                    #
#                    #
#                    #
#                    #
#              *     #
#                ooo@#
#                    #
#                    #
#                    #
#                    #
######################
GAME OVER - Q reset
[HRISC-V Snake OS
WASD move, Q reset
T=11 L=04
######################
#                    #
#                    #
#                    #
#                    #
#              *     #
#                ooo@#
#                    #
#                    #
#                    #
#                    #
######################
GAME OVER - Q reset
[HRISC-V Snake OS
WASD move, Q reset
T=12 L=04
######################
#                    #
#                    #
#                    #
#                    #
#              *     #
#                ooo@#
#                    #
#                    #
#                    #
#                    #
######################
GAME OVER - Q reset
[HRISC-V Snake OS
WASD move, Q reset
T=13 L=04
######################
#                    #
#                    #
#                    #
#                    #
#              *     #
#                ooo@#
#                    #
#                    #
#                    #
#                    #
######################
GAME OVER - Q reset
[HRISC-V Snake OS
WASD move, Q reset
T=14 L=04
######################
#                    #
#                    #
#                    #
#                    #
#              *     #
#                ooo@#
#                    #
#                    #
#                    #
#                    #
######################
GAME OVER - Q reset
[HRISC-V Snake OS
WASD move, Q reset
T=15 L=04
######################
#                    #
#                    #
#                    #
#                    #
#              *     #
#               INFO: [Common 17-41] Interrupt caught. Command should exit soon.
 ooo@#
#                    #
#                    #
#                    #
#                    #
######################
GAME OVER - Q reset
[HRISC-V Snake OS
WASD move, Q reset
T=16 L=04
######################
#                    #
#                    #
#                    #
#                    #
#              *     #
#                ooo@#
#                    #
#                    #
#                    #
#                    #
######################
GAME OVER - Q reset
[HRISC-V Snake OS
WASD move, Q reset
T=17 L=04
######################
#                    #
#                    #
#                    #
#                    #
#              *     #
#                ooo@#
#                    #
#                    #
#                    #
#                    #
######################
GAME OVER - Q reset
[HRISC-V Snake OS
WASD move, Q reset
T=18 L=04
######################
#                    #
#                    #
#                    #
#                    #
#              *     #
#                ooo@#
#                    #
#                    #
#                    #
#                    #
######################
GAME OVER - Q reset
[HRISC-V Snake OS
WASD move, Q reset
T=19 L=04
######################
#                    #
#                    #
#                    #
#                    #
#              *     #
#                ooo@#
#                    #
#                    #
#                    #
#           run: Time (s): cpu = 00:00:02 ; elapsed = 00:00:56 . Memory (MB): peak = 212.707 ; gain = 0.000
INFO: [Common 17-344] 'run' was cancelled
exit
INFO: [Common 17-41] Interrupt caught. Command should exit soon.
INFO: [Common 17-41] Interrupt caught. Command should exit soon.
INFO: [Common 17-41] Interrupt caught. Command should exit soon.
INFO: [Common 17-41] Interrupt caught. Command should exit soon.
INFO: [Common 17-206] Exiting xsim at Fri Jul  3 20:09:55 2026...
